'"php"' is not recognized as an internal or external command,
operable program or batch file.
'"php"' is not recognized as an internal or external command,
operable program or batch file.
'"php"' is not recognized as an internal or external command,
operable program or batch file.
{
    "status": "success",
    "delete_raw": true,
    "databases": {
        "main": {
            "through_date": "2026-08-17",
            "max_days": 0,
            "total_pending_days": 29,
            "processed_days": 29,
            "has_more": false,
            "items": [
                {
                    "date": "2026-07-20",
                    "sites": 4,
                    "deleted_daily": 461,
                    "deleted_hourly": 839,
                    "skipped": false
                },
                {
                    "date": "2026-07-21",
                    "sites": 5,
                    "deleted_daily": 1273,
                    "deleted_hourly": 2037,
                    "skipped": false
                },
                {
                    "date": "2026-07-22",
                    "sites": 5,
                    "deleted_daily": 997,
                    "deleted_hourly": 1703,
                    "skipped": false
                },
                {
                    "date": "2026-07-23",
                    "sites": 5,
                    "deleted_daily": 1827,
                    "deleted_hourly": 3229,
                    "skipped": false
                },
                {
                    "date": "2026-07-24",
                    "sites": 5,
                    "deleted_daily": 2257,
                    "deleted_hourly": 4807,
                    "skipped": false
                },
                {
                    "date": "2026-07-25",
                    "sites": 5,
                    "deleted_daily": 2262,
                    "deleted_hourly": 5096,
                    "skipped": false
                },
                {
                    "date": "2026-07-26",
                    "sites": 5,
                    "deleted_daily": 3081,
                    "deleted_hourly": 8434,
                    "skipped": false
                },
                {
                    "date": "2026-07-27",
                    "sites": 5,
                    "deleted_daily": 1747,
                    "deleted_hourly": 7661,
                    "skipped": false
                },
                {
                    "date": "2026-07-28",
                    "sites": 6,
                    "deleted_daily": 3420,
                    "deleted_hourly": 14819,
                    "skipped": false
                },
                {
                    "date": "2026-07-29",
                    "sites": 5,
                    "deleted_daily": 3096,
                    "deleted_hourly": 6579,
                    "skipped": false
                },
                {
                    "date": "2026-07-30",
                    "sites": 6,
                    "deleted_daily": 4991,
                    "deleted_hourly": 9503,
                    "skipped": false
                },
                {
                    "date": "2026-07-31",
                    "sites": 6,
                    "deleted_daily": 5781,
                    "deleted_hourly": 10548,
                    "skipped": false
                },
                {
                    "date": "2026-08-01",
                    "sites": 5,
                    "deleted_daily": 3916,
                    "deleted_hourly": 5500,
                    "skipped": false
                },
                {
                    "date": "2026-08-02",
                    "sites": 5,
                    "deleted_daily": 3053,
                    "deleted_hourly": 5815,
                    "skipped": false
                },
                {
                    "date": "2026-08-03",
                    "sites": 5,
                    "deleted_daily": 2035,
                    "deleted_hourly": 3504,
                    "skipped": false
                },
                {
                    "date": "2026-08-04",
                    "sites": 6,
                    "deleted_daily": 2214,
                    "deleted_hourly": 4375,
                    "skipped": false
                },
                {
                    "date": "2026-08-05",
                    "sites": 5,
                    "deleted_daily": 2652,
                    "deleted_hourly": 4719,
                    "skipped": false
                },
                {
                    "date": "2026-08-06",
                    "sites": 5,
                    "deleted_daily": 3070,
                    "deleted_hourly": 4944,
                    "skipped": false
                },
                {
                    "date": "2026-08-07",
                    "sites": 5,
                    "deleted_daily": 3824,
                    "deleted_hourly": 7099,
                    "skipped": false
                },
                {
                    "date": "2026-08-08",
                    "sites": 6,
                    "deleted_daily": 4251,
                    "deleted_hourly": 8088,
                    "skipped": false
                },
                {
                    "date": "2026-08-09",
                    "sites": 5,
                    "deleted_daily": 2390,
                    "deleted_hourly": 4298,
                    "skipped": false
                },
                {
                    "date": "2026-08-10",
                    "sites": 5,
                    "deleted_daily": 2163,
                    "deleted_hourly": 3904,
                    "skipped": false
                },
                {
                    "date": "2026-08-11",
                    "sites": 5,
                    "deleted_daily": 3323,
                    "deleted_hourly": 5258,
                    "skipped": false
                },
                {
                    "date": "2026-08-12",
                    "sites": 5,
                    "deleted_daily": 4328,
                    "deleted_hourly": 6683,
                    "skipped": false
                },
                {
                    "date": "2026-08-13",
                    "sites": 5,
                    "deleted_daily": 3007,
                    "deleted_hourly": 5154,
                    "skipped": false
                },
                {
                    "date": "2026-08-14",
                    "sites": 6,
                    "deleted_daily": 3662,
                    "deleted_hourly": 5474,
                    "skipped": false
                },
                {
                    "date": "2026-08-15",
                    "sites": 5,
                    "deleted_daily": 2166,
                    "deleted_hourly": 3892,
                    "skipped": false
                },
                {
                    "date": "2026-08-16",
                    "sites": 5,
                    "deleted_daily": 4021,
                    "deleted_hourly": 5781,
                    "skipped": false
                },
                {
                    "date": "2026-08-17",
                    "sites": 5,
                    "deleted_daily": 10842,
                    "deleted_hourly": 12244,
                    "skipped": false
                }
            ]
        }
    }
}
{
    "status": "success",
    "delete_raw": true,
    "databases": {
        "main": {
            "through_date": "2026-08-18",
            "max_days": 0,
            "total_pending_days": 1,
            "processed_days": 1,
            "has_more": false,
            "items": [
                {
                    "date": "2026-08-18",
                    "sites": 5,
                    "deleted_daily": 15795,
                    "deleted_hourly": 17355,
                    "skipped": false
                }
            ]
        }
    }
}
{
    "status": "success",
    "delete_raw": true,
    "databases": {
        "main": {
            "through_date": "2026-08-19",
            "max_days": 0,
            "total_pending_days": 1,
            "processed_days": 1,
            "has_more": false,
            "items": [
                {
                    "date": "2026-08-19",
                    "sites": 5,
                    "deleted_daily": 5137,
                    "deleted_hourly": 6688,
                    "skipped": false
                }
            ]
        }
    }
}
{
    "status": "success",
    "delete_raw": true,
    "databases": {
        "main": {
            "through_date": "2026-08-20",
            "max_days": 0,
            "total_pending_days": 1,
            "processed_days": 1,
            "has_more": false,
            "items": [
                {
                    "date": "2026-08-20",
                    "sites": 6,
                    "deleted_daily": 14892,
                    "deleted_hourly": 16304,
                    "skipped": false
                }
            ]
        }
    }
}
{
    "status": "success",
    "delete_raw": true,
    "databases": {
        "main": {
            "through_date": "2026-08-21",
            "max_days": 0,
            "total_pending_days": 1,
            "processed_days": 1,
            "has_more": false,
            "items": [
                {
                    "date": "2026-08-21",
                    "sites": 5,
                    "deleted_daily": 8650,
                    "deleted_hourly": 10813,
                    "skipped": false
                }
            ]
        }
    }
}
{
    "status": "success",
    "delete_raw": true,
    "databases": {
        "main": {
            "through_date": "2026-08-22",
            "max_days": 0,
            "total_pending_days": 1,
            "processed_days": 1,
            "has_more": false,
            "items": [
                {
                    "date": "2026-08-22",
                    "sites": 5,
                    "deleted_daily": 3322,
                    "deleted_hourly": 5256,
                    "skipped": false
                }
            ]
        }
    }
}
{
    "status": "success",
    "delete_raw": true,
    "delete_created": true,
    "databases": {
        "main": {
            "through_date": "2026-08-23",
            "max_days": 0,
            "total_pending_days": 1,
            "processed_days": 1,
            "has_more": false,
            "items": [
                {
                    "date": "2026-08-23",
                    "sites": 6,
                    "deleted_daily": 2354,
                    "deleted_hourly": 4153,
                    "skipped": false
                }
            ]
        }
    },
    "created_orders": {
        "total": 3012,
        "items": {
            "App": 7,
            "Âm nhạc": 3005,
            "Sách": 0,
            "Cloud": 0,
            "COC": 0
        }
    }
}
{
    "status": "success",
    "delete_raw": true,
    "delete_created": true,
    "databases": {
        "main": {
            "through_date": "2026-08-24",
            "max_days": 0,
            "total_pending_days": 1,
            "processed_days": 1,
            "has_more": false,
            "items": [
                {
                    "date": "2026-08-24",
                    "sites": 6,
                    "deleted_daily": 2202,
                    "deleted_hourly": 3715,
                    "skipped": false
                }
            ]
        }
    },
    "created_orders": {
        "total": 3547,
        "items": {
            "App": 82,
            "Âm nhạc": 3464,
            "Sách": 1,
            "Cloud": 0,
            "COC": 0
        }
    }
}
{
    "status": "success",
    "delete_raw": true,
    "delete_created": true,
    "databases": {
        "main": {
            "through_date": "2026-08-25",
            "max_days": 0,
            "total_pending_days": 1,
            "processed_days": 1,
            "has_more": false,
            "items": [
                {
                    "date": "2026-08-25",
                    "sites": 6,
                    "deleted_daily": 2680,
                    "deleted_hourly": 4208,
                    "skipped": false
                }
            ]
        }
    },
    "created_orders": {
        "total": 1020,
        "items": {
            "App": 12,
            "Âm nhạc": 1007,
            "Sách": 1,
            "Cloud": 0,
            "COC": 0
        }
    }
}
{
    "status": "success",
    "delete_raw": true,
    "delete_created": true,
    "databases": {
        "main": {
            "through_date": "2026-08-26",
            "max_days": 0,
            "total_pending_days": 1,
            "processed_days": 1,
            "has_more": false,
            "items": [
                {
                    "date": "2026-08-26",
                    "sites": 6,
                    "deleted_daily": 2594,
                    "deleted_hourly": 4114,
                    "skipped": false
                }
            ]
        }
    },
    "created_orders": {
        "total": 3179,
        "items": {
            "App": 23,
            "Âm nhạc": 3152,
            "Sách": 4,
            "Cloud": 0,
            "COC": 0
        }
    }
}
{
    "status": "success",
    "delete_raw": true,
    "delete_created": true,
    "databases": {
        "main": {
            "through_date": "2026-08-27",
            "max_days": 0,
            "total_pending_days": 1,
            "processed_days": 1,
            "has_more": false,
            "items": [
                {
                    "date": "2026-08-27",
                    "sites": 6,
                    "deleted_daily": 3940,
                    "deleted_hourly": 6076,
                    "skipped": false
                }
            ]
        }
    },
    "created_orders": {
        "total": 1996,
        "items": {
            "App": 45,
            "Âm nhạc": 1950,
            "Sách": 1,
            "Cloud": 0,
            "COC": 0
        }
    }
}
{
    "status": "success",
    "delete_raw": true,
    "delete_created": true,
    "databases": {
        "main": {
            "through_date": "2026-08-28",
            "max_days": 0,
            "total_pending_days": 1,
            "processed_days": 1,
            "has_more": false,
            "items": [
                {
                    "date": "2026-08-28",
                    "sites": 6,
                    "deleted_daily": 4191,
                    "deleted_hourly": 6387,
                    "skipped": false
                }
            ]
        }
    },
    "created_orders": {
        "total": 2032,
        "items": {
            "App": 82,
            "Âm nhạc": 1950,
            "Sách": 0,
            "Cloud": 0,
            "COC": 0
        }
    }
}
{
    "status": "success",
    "delete_raw": true,
    "delete_created": true,
    "databases": {
        "main": {
            "through_date": "2026-08-29",
            "max_days": 0,
            "total_pending_days": 1,
            "processed_days": 1,
            "has_more": false,
            "items": [
                {
                    "date": "2026-08-29",
                    "sites": 6,
                    "deleted_daily": 2927,
                    "deleted_hourly": 4922,
                    "skipped": false
                }
            ]
        }
    },
    "created_orders": {
        "total": 50,
        "items": {
            "App": 0,
            "Âm nhạc": 50,
            "Sách": 0,
            "Cloud": 0,
            "COC": 0
        }
    }
}
{
    "status": "success",
    "delete_raw": true,
    "delete_created": true,
    "databases": {
        "main": {
            "through_date": "2026-08-30",
            "max_days": 0,
            "total_pending_days": 1,
            "processed_days": 1,
            "has_more": false,
            "items": [
                {
                    "date": "2026-08-30",
                    "sites": 6,
                    "deleted_daily": 2363,
                    "deleted_hourly": 4901,
                    "skipped": false
                }
            ]
        }
    },
    "created_orders": {
        "total": 697,
        "items": {
            "App": 3,
            "Âm nhạc": 690,
            "Sách": 4,
            "Cloud": 0,
            "COC": 0
        }
    }
}
{
    "status": "success",
    "delete_raw": true,
    "delete_created": true,
    "databases": {
        "main": {
            "through_date": "2026-08-31",
            "max_days": 0,
            "total_pending_days": 1,
            "processed_days": 1,
            "has_more": false,
            "items": [
                {
                    "date": "2026-08-31",
                    "sites": 5,
                    "deleted_daily": 3635,
                    "deleted_hourly": 6349,
                    "skipped": false
                }
            ]
        }
    },
    "created_orders": {
        "total": 3316,
        "items": {
            "App": 32,
            "Âm nhạc": 3284,
            "Sách": 0,
            "Cloud": 0,
            "COC": 0
        }
    }
}
{
    "status": "success",
    "delete_raw": true,
    "delete_created": true,
    "databases": {
        "main": {
            "through_date": "2026-09-01",
            "max_days": 0,
            "total_pending_days": 1,
            "processed_days": 1,
            "has_more": false,
            "items": [
                {
                    "date": "2026-09-01",
                    "sites": 5,
                    "deleted_daily": 3185,
                    "deleted_hourly": 5547,
                    "skipped": false
                }
            ]
        }
    },
    "created_orders": {
        "total": 1115,
        "items": {
            "App": 20,
            "Âm nhạc": 1093,
            "Sách": 2,
            "Cloud": 0,
            "COC": 0
        }
    }
}
{
    "status": "success",
    "delete_raw": true,
    "delete_created": true,
    "databases": {
        "main": {
            "through_date": "2026-09-02",
            "max_days": 0,
            "total_pending_days": 1,
            "processed_days": 1,
            "has_more": false,
            "items": [
                {
                    "date": "2026-09-02",
                    "sites": 6,
                    "deleted_daily": 3664,
                    "deleted_hourly": 6217,
                    "skipped": false
                }
            ]
        }
    },
    "created_orders": {
        "total": 884,
        "items": {
            "App": 32,
            "Âm nhạc": 831,
            "Sách": 21,
            "Cloud": 0,
            "COC": 0
        }
    }
}
{
    "status": "success",
    "delete_raw": true,
    "delete_created": true,
    "databases": {
        "main": {
            "through_date": "2026-09-03",
            "max_days": 0,
            "total_pending_days": 1,
            "processed_days": 1,
            "has_more": false,
            "items": [
                {
                    "date": "2026-09-03",
                    "sites": 5,
                    "deleted_daily": 2593,
                    "deleted_hourly": 4768,
                    "skipped": false
                }
            ]
        }
    },
    "created_orders": {
        "total": 1049,
        "items": {
            "App": 13,
            "Âm nhạc": 1015,
            "Sách": 21,
            "Cloud": 0,
            "COC": 0
        }
    }
}
{
    "status": "success",
    "delete_raw": true,
    "delete_created": true,
    "databases": {
        "main": {
            "through_date": "2026-09-04",
            "max_days": 0,
            "total_pending_days": 1,
            "processed_days": 1,
            "has_more": false,
            "items": [
                {
                    "date": "2026-09-04",
                    "sites": 4,
                    "deleted_daily": 4873,
                    "deleted_hourly": 7420,
                    "skipped": false
                }
            ]
        }
    },
    "created_orders": {
        "total": 3972,
        "items": {
            "App": 13,
            "Âm nhạc": 3955,
            "Sách": 4,
            "Cloud": 0,
            "COC": 0
        }
    }
}
{
    "status": "success",
    "delete_raw": true,
    "delete_created": true,
    "databases": {
        "main": {
            "through_date": "2026-09-05",
            "max_days": 0,
            "total_pending_days": 1,
            "processed_days": 1,
            "has_more": false,
            "items": [
                {
                    "date": "2026-09-05",
                    "sites": 6,
                    "deleted_daily": 3973,
                    "deleted_hourly": 6340,
                    "skipped": false
                }
            ]
        }
    },
    "created_orders": {
        "total": 1013,
        "items": {
            "App": 14,
            "Âm nhạc": 999,
            "Sách": 0,
            "Cloud": 0,
            "COC": 0
        }
    }
}
{
    "status": "success",
    "delete_raw": true,
    "delete_created": true,
    "databases": {
        "main": {
            "through_date": "2026-09-06",
            "max_days": 0,
            "total_pending_days": 1,
            "processed_days": 1,
            "has_more": false,
            "items": [
                {
                    "date": "2026-09-06",
                    "sites": 6,
                    "deleted_daily": 3677,
                    "deleted_hourly": 5863,
                    "skipped": false
                }
            ]
        }
    },
    "created_orders": {
        "total": 1293,
        "items": {
            "App": 10,
            "Âm nhạc": 1278,
            "Sách": 5,
            "Cloud": 0,
            "COC": 0
        }
    }
}
{
    "status": "success",
    "delete_raw": true,
    "delete_created": true,
    "databases": {
        "main": {
            "through_date": "2026-09-07",
            "max_days": 0,
            "total_pending_days": 1,
            "processed_days": 1,
            "has_more": false,
            "items": [
                {
                    "date": "2026-09-07",
                    "sites": 6,
                    "deleted_daily": 4492,
                    "deleted_hourly": 7004,
                    "skipped": false
                }
            ]
        }
    },
    "created_orders": {
        "total": 1984,
        "items": {
            "App": 70,
            "Âm nhạc": 1908,
            "Sách": 6,
            "Cloud": 0,
            "COC": 0
        }
    }
}
{
    "status": "success",
    "delete_raw": true,
    "delete_created": true,
    "databases": {
        "main": {
            "through_date": "2026-09-08",
            "max_days": 0,
            "total_pending_days": 1,
            "processed_days": 1,
            "has_more": false,
            "items": [
                {
                    "date": "2026-09-08",
                    "sites": 6,
                    "deleted_daily": 5528,
                    "deleted_hourly": 7391,
                    "skipped": false
                }
            ]
        }
    },
    "created_orders": {
        "total": 1610,
        "items": {
            "App": 49,
            "Âm nhạc": 1557,
            "Sách": 4,
            "Cloud": 0,
            "COC": 0
        }
    }
}
{
    "status": "success",
    "delete_raw": true,
    "delete_created": true,
    "databases": {
        "main": {
            "through_date": "2026-09-09",
            "max_days": 0,
            "total_pending_days": 1,
            "processed_days": 1,
            "has_more": false,
            "items": [
                {
                    "date": "2026-09-09",
                    "sites": 5,
                    "deleted_daily": 8195,
                    "deleted_hourly": 10109,
                    "skipped": false
                }
            ]
        }
    },
    "created_orders": {
        "total": 1214,
        "items": {
            "App": 44,
            "Âm nhạc": 1170,
            "Sách": 0,
            "Cloud": 0,
            "COC": 0
        }
    }
}
{
    "status": "success",
    "delete_raw": true,
    "delete_created": true,
    "databases": {
        "main": {
            "through_date": "2026-09-10",
            "max_days": 0,
            "total_pending_days": 1,
            "processed_days": 1,
            "has_more": false,
            "items": [
                {
                    "date": "2026-09-10",
                    "sites": 6,
                    "deleted_daily": 7568,
                    "deleted_hourly": 9605,
                    "skipped": false
                }
            ]
        }
    },
    "created_orders": {
        "total": 1917,
        "items": {
            "App": 88,
            "Âm nhạc": 1821,
            "Sách": 8,
            "Cloud": 0,
            "COC": 0
        }
    }
}
{
    "status": "success",
    "delete_raw": true,
    "delete_created": true,
    "databases": {
        "main": {
            "through_date": "2026-09-11",
            "max_days": 0,
            "total_pending_days": 1,
            "processed_days": 1,
            "has_more": false,
            "items": [
                {
                    "date": "2026-09-11",
                    "sites": 6,
                    "deleted_daily": 3290,
                    "deleted_hourly": 5357,
                    "skipped": false
                }
            ]
        }
    },
    "created_orders": {
        "total": 1375,
        "items": {
            "App": 51,
            "Âm nhạc": 1319,
            "Sách": 5,
            "Cloud": 0,
            "COC": 0
        }
    }
}
{
    "status": "success",
    "delete_raw": true,
    "delete_created": true,
    "databases": {
        "main": {
            "through_date": "2026-09-12",
            "max_days": 0,
            "total_pending_days": 1,
            "processed_days": 1,
            "has_more": false,
            "items": [
                {
                    "date": "2026-09-12",
                    "sites": 4,
                    "deleted_daily": 3872,
                    "deleted_hourly": 6294,
                    "skipped": false
                }
            ]
        }
    },
    "created_orders": {
        "total": 1459,
        "items": {
            "App": 44,
            "Âm nhạc": 1413,
            "Sách": 2,
            "Cloud": 0,
            "COC": 0
        }
    }
}
{
    "status": "success",
    "delete_raw": true,
    "delete_created": true,
    "databases": {
        "main": {
            "through_date": "2026-09-13",
            "max_days": 0,
            "total_pending_days": 1,
            "processed_days": 1,
            "has_more": false,
            "items": [
                {
                    "date": "2026-09-13",
                    "sites": 5,
                    "deleted_daily": 2999,
                    "deleted_hourly": 5601,
                    "skipped": false
                }
            ]
        }
    },
    "created_orders": {
        "total": 1298,
        "items": {
            "App": 111,
            "Âm nhạc": 1186,
            "Sách": 1,
            "Cloud": 0,
            "COC": 0
        }
    }
}
{
    "status": "success",
    "delete_raw": true,
    "delete_created": true,
    "databases": {
        "main": {
            "through_date": "2026-09-14",
            "max_days": 0,
            "total_pending_days": 1,
            "processed_days": 1,
            "has_more": false,
            "items": [
                {
                    "date": "2026-09-14",
                    "sites": 5,
                    "deleted_daily": 2993,
                    "deleted_hourly": 5164,
                    "skipped": false
                }
            ]
        }
    },
    "created_orders": {
        "total": 1520,
        "items": {
            "App": 29,
            "Âm nhạc": 1482,
            "Sách": 9,
            "Cloud": 0,
            "COC": 0
        }
    }
}
{
    "status": "success",
    "delete_raw": true,
    "delete_created": true,
    "databases": {
        "main": {
            "through_date": "2026-09-15",
            "max_days": 0,
            "total_pending_days": 1,
            "processed_days": 1,
            "has_more": false,
            "items": [
                {
                    "date": "2026-09-15",
                    "sites": 5,
                    "deleted_daily": 3832,
                    "deleted_hourly": 5586,
                    "skipped": false
                }
            ]
        }
    },
    "created_orders": {
        "total": 2609,
        "items": {
            "App": 104,
            "Âm nhạc": 2503,
            "Sách": 1,
            "Cloud": 0,
            "COC": 1
        }
    }
}
{
    "status": "success",
    "delete_raw": true,
    "delete_created": true,
    "databases": {
        "main": {
            "through_date": "2026-09-16",
            "max_days": 0,
            "total_pending_days": 1,
            "processed_days": 1,
            "has_more": false,
            "items": [
                {
                    "date": "2026-09-16",
                    "sites": 4,
                    "deleted_daily": 3096,
                    "deleted_hourly": 4792,
                    "skipped": false
                }
            ]
        }
    },
    "created_orders": {
        "total": 1578,
        "items": {
            "App": 27,
            "Âm nhạc": 1550,
            "Sách": 1,
            "Cloud": 0,
            "COC": 0
        }
    }
}
{
    "status": "success",
    "delete_raw": true,
    "delete_created": true,
    "databases": {
        "main": {
            "through_date": "2026-09-17",
            "max_days": 0,
            "total_pending_days": 1,
            "processed_days": 1,
            "has_more": false,
            "items": [
                {
                    "date": "2026-09-17",
                    "sites": 5,
                    "deleted_daily": 1979,
                    "deleted_hourly": 4015,
                    "skipped": false
                }
            ]
        }
    },
    "created_orders": {
        "total": 212,
        "items": {
            "App": 27,
            "Âm nhạc": 181,
            "Sách": 4,
            "Cloud": 0,
            "COC": 0
        }
    }
}
{
    "status": "success",
    "delete_raw": true,
    "delete_created": true,
    "databases": {
        "main": {
            "through_date": "2026-09-18",
            "max_days": 0,
            "total_pending_days": 1,
            "processed_days": 1,
            "has_more": false,
            "items": [
                {
                    "date": "2026-09-18",
                    "sites": 5,
                    "deleted_daily": 2352,
                    "deleted_hourly": 4253,
                    "skipped": false
                }
            ]
        }
    },
    "created_orders": {
        "total": 887,
        "items": {
            "App": 68,
            "Âm nhạc": 810,
            "Sách": 9,
            "Cloud": 0,
            "COC": 0
        }
    }
}
{
    "status": "success",
    "delete_raw": true,
    "delete_created": true,
    "databases": {
        "main": {
            "through_date": "2026-09-19",
            "max_days": 0,
            "total_pending_days": 1,
            "processed_days": 1,
            "has_more": false,
            "items": [
                {
                    "date": "2026-09-19",
                    "sites": 5,
                    "deleted_daily": 3191,
                    "deleted_hourly": 4833,
                    "skipped": false
                }
            ]
        }
    },
    "created_orders": {
        "total": 1568,
        "items": {
            "App": 36,
            "Âm nhạc": 1511,
            "Sách": 21,
            "Cloud": 0,
            "COC": 0
        }
    }
}
{
    "status": "success",
    "delete_raw": true,
    "delete_created": true,
    "databases": {
        "main": {
            "through_date": "2026-09-20",
            "max_days": 0,
            "total_pending_days": 1,
            "processed_days": 1,
            "has_more": false,
            "items": [
                {
                    "date": "2026-09-20",
                    "sites": 5,
                    "deleted_daily": 4637,
                    "deleted_hourly": 6344,
                    "skipped": false
                }
            ]
        }
    },
    "created_orders": {
        "total": 1619,
        "items": {
            "App": 26,
            "Âm nhạc": 1586,
            "Sách": 7,
            "Cloud": 0,
            "COC": 0
        }
    }
}
{
    "status": "success",
    "delete_raw": true,
    "delete_created": true,
    "databases": {
        "main": {
            "through_date": "2026-09-21",
            "max_days": 0,
            "total_pending_days": 1,
            "processed_days": 1,
            "has_more": false,
            "items": [
                {
                    "date": "2026-09-21",
                    "sites": 6,
                    "deleted_daily": 4184,
                    "deleted_hourly": 6164,
                    "skipped": false
                }
            ]
        }
    },
    "created_orders": {
        "total": 2229,
        "items": {
            "App": 217,
            "Âm nhạc": 1989,
            "Sách": 23,
            "Cloud": 0,
            "COC": 0
        }
    }
}
{
    "status": "success",
    "delete_raw": true,
    "delete_created": true,
    "databases": {
        "main": {
            "through_date": "2026-09-22",
            "max_days": 0,
            "total_pending_days": 1,
            "processed_days": 1,
            "has_more": false,
            "items": [
                {
                    "date": "2026-09-22",
                    "sites": 6,
                    "deleted_daily": 4267,
                    "deleted_hourly": 6248,
                    "skipped": false
                }
            ]
        }
    },
    "created_orders": {
        "total": 1854,
        "items": {
            "App": 150,
            "Âm nhạc": 1692,
            "Sách": 12,
            "Cloud": 0,
            "COC": 0
        }
    }
}
{
    "status": "success",
    "delete_raw": true,
    "delete_created": true,
    "databases": {
        "main": {
            "through_date": "2026-09-23",
            "max_days": 0,
            "total_pending_days": 1,
            "processed_days": 1,
            "has_more": false,
            "items": [
                {
                    "date": "2026-09-23",
                    "sites": 5,
                    "deleted_daily": 4726,
                    "deleted_hourly": 6549,
                    "skipped": false
                }
            ]
        }
    },
    "created_orders": {
        "total": 4029,
        "items": {
            "App": 87,
            "Âm nhạc": 3941,
            "Sách": 1,
            "Cloud": 0,
            "COC": 0
        }
    }
}
{
    "status": "success",
    "delete_raw": true,
    "delete_created": true,
    "databases": {
        "main": {
            "through_date": "2026-09-24",
            "max_days": 0,
            "total_pending_days": 1,
            "processed_days": 1,
            "has_more": false,
            "items": [
                {
                    "date": "2026-09-24",
                    "sites": 5,
                    "deleted_daily": 7994,
                    "deleted_hourly": 10048,
                    "skipped": false
                }
            ]
        }
    },
    "created_orders": {
        "total": 4026,
        "items": {
            "App": 144,
            "Âm nhạc": 3856,
            "Sách": 26,
            "Cloud": 0,
            "COC": 0
        }
    }
}
{
    "status": "success",
    "delete_raw": true,
    "delete_created": true,
    "databases": {
        "main": {
            "through_date": "2026-09-25",
            "max_days": 0,
            "total_pending_days": 1,
            "processed_days": 1,
            "has_more": false,
            "items": [
                {
                    "date": "2026-09-25",
                    "sites": 6,
                    "deleted_daily": 7066,
                    "deleted_hourly": 8893,
                    "skipped": false
                }
            ]
        }
    },
    "created_orders": {
        "total": 3631,
        "items": {
            "App": 25,
            "Âm nhạc": 3602,
            "Sách": 4,
            "Cloud": 0,
            "COC": 0
        }
    }
}
{
    "status": "success",
    "delete_raw": true,
    "delete_created": true,
    "databases": {
        "main": {
            "through_date": "2026-09-26",
            "max_days": 0,
            "total_pending_days": 1,
            "processed_days": 1,
            "has_more": false,
            "items": [
                {
                    "date": "2026-09-26",
                    "sites": 5,
                    "deleted_daily": 3833,
                    "deleted_hourly": 5817,
                    "skipped": false
                }
            ]
        }
    },
    "created_orders": {
        "total": 3750,
        "items": {
            "App": 93,
            "Âm nhạc": 3628,
            "Sách": 29,
            "Cloud": 0,
            "COC": 0
        }
    }
}
{
    "status": "success",
    "delete_raw": true,
    "delete_created": true,
    "databases": {
        "main": {
            "through_date": "2026-09-27",
            "max_days": 0,
            "total_pending_days": 1,
            "processed_days": 1,
            "has_more": false,
            "items": [
                {
                    "date": "2026-09-27",
                    "sites": 6,
                    "deleted_daily": 3289,
                    "deleted_hourly": 5299,
                    "skipped": false
                }
            ]
        }
    },
    "created_orders": {
        "total": 1833,
        "items": {
            "App": 145,
            "Âm nhạc": 1686,
            "Sách": 2,
            "Cloud": 0,
            "COC": 0
        }
    }
}
{
    "status": "success",
    "delete_raw": true,
    "delete_created": true,
    "databases": {
        "main": {
            "through_date": "2026-09-28",
            "max_days": 0,
            "total_pending_days": 1,
            "processed_days": 1,
            "has_more": false,
            "items": [
                {
                    "date": "2026-09-28",
                    "sites": 5,
                    "deleted_daily": 4517,
                    "deleted_hourly": 6209,
                    "skipped": false
                }
            ]
        }
    },
    "created_orders": {
        "total": 1859,
        "items": {
            "App": 11,
            "Âm nhạc": 1847,
            "Sách": 1,
            "Cloud": 0,
            "COC": 0
        }
    }
}
{
    "status": "success",
    "delete_raw": true,
    "delete_created": true,
    "databases": {
        "main": {
            "through_date": "2026-09-29",
            "max_days": 0,
            "total_pending_days": 1,
            "processed_days": 1,
            "has_more": false,
            "items": [
                {
                    "date": "2026-09-29",
                    "sites": 6,
                    "deleted_daily": 2866,
                    "deleted_hourly": 4503,
                    "skipped": false
                }
            ]
        }
    },
    "created_orders": {
        "total": 2708,
        "items": {
            "App": 89,
            "Âm nhạc": 2618,
            "Sách": 1,
            "Cloud": 0,
            "COC": 0
        }
    }
}
{
    "status": "success",
    "delete_raw": true,
    "delete_created": true,
    "databases": {
        "main": {
            "through_date": "2026-09-30",
            "max_days": 0,
            "total_pending_days": 1,
            "processed_days": 1,
            "has_more": false,
            "items": [
                {
                    "date": "2026-09-30",
                    "sites": 5,
                    "deleted_daily": 2926,
                    "deleted_hourly": 4905,
                    "skipped": false
                }
            ]
        }
    },
    "created_orders": {
        "total": 1249,
        "items": {
            "App": 41,
            "Âm nhạc": 1197,
            "Sách": 10,
            "Cloud": 0,
            "COC": 1
        }
    }
}
